Initiating test run...

[32m⚡ This is a turbo test run. https://codecrafters.io/turbo[0m

Running tests on your code. Logs should appear shortly...

[33m[compile][0m Moved ./.codecrafters/run.sh → ./your_program.sh
[33m[compile][0m [32mCompilation successful.[0m

[33m[tester::#FY6] [0m[94mRunning tests for Stage #FY6 (Transactions - Executing a transaction)[0m
[33m[tester::#FY6] [0m[94m$ ./your_program.sh[0m
[33m[your_program] [0m[0mserver_socket is <socket.socket fd=3, family=2, type=1, proto=0, laddr=('127.0.0.1', 6379)>[0m
[33m[tester::#FY6] [client-1] [0m[94m$ redis-cli MULTI[0m
[33m[your_program] [0m[0mmain: connection is <socket.socket fd=4, family=2, type=1, proto=0, laddr=('127.0.0.1', 6379), raddr=('127.0.0.1', 50630)>, feedee is 4[0m
[33m[your_program] [0m[0m<Thread(Thread-1 (respond), initial)>[0m
[33m[your_program] [0m[0minline is ['MULTI'][0m
[33m[your_program] [0m[0mexCmd thinks that feedee is main: connection is <socket.socket fd=5, family=2, type=1, proto=0, laddr=('127.0.0.1', 6379), raddr=('127.0.0.1', 50634)>, feedee is 5[0m
[33m[your_program] [0m[0m<Thread(Thread-2 (respond), initial)>[0m
[33m[your_program] [0m[0m4[0m
[33m[your_program] [0m[0mvarDict is {'charging': False, 'cmdQ': []}[0m
[33m[your_program] [0m[0mcommand is MULTI[0m
[33m[your_program] [0m[0mCharging:[0m
[33m[your_program] [0m[0m('OK', 'simple_string')[0m
[33m[your_program] [0m[0mtoSend is  OK[0m
[33m[your_program] [0m[0moutType is simple_string[0m
[33m[your_program] [0m[0msent outline is b'+OK\r\n'[0m
[33m[tester::#FY6] [client-1] [0m[92m✔︎ Received "OK"[0m
[33m[tester::#FY6] [client-1] [0m[94m> SET pear 70[0m
[33m[tester::#FY6] [0m[91mExpected "QUEUED", got "OK"[0m
[33m[tester::#FY6] [0m[91mTest failed[0m
[33m[your_program] [0m[0minline is ['SET', 'pear', '70'][0m
[33m[your_program] [0m[0mexCmd thinks that feedee is 5[0m
[33m[your_program] [0m[0mvarDict is {'charging': False, 'cmdQ': []}[0m
[33m[your_program] [0m[0mcommand is SET[0m
[33m[your_program] [0m[0m('OK', 'simple_string')[0m
[33m[your_program] [0m[0mtoSend is  OK[0m
[33m[your_program] [0m[0moutType is simple_string[0m
[33m[your_program] [0m[0msent outline is b'+OK\r\n'[0m

View our article on debugging test failures: https://codecrafters.io/debug

